[Licensing::Module] Trying to connect to existing licensing client channel...
Built from '6000.5/staging' branch; Version is '6000.5.9f1 (b57deb96f08d) revision 11894251'; Using compiler version '194234433'; Build Type 'Release'
OS: 'Windows 11  (10.0.26200) Core' Language: 'en' Physical Memory: 16125 MB
BatchMode: 1, IsHumanControllingUs: 0, StartBugReporterOnCrash: 0, Is64bit: 1
System  architecture: x64
Process architecture: x64
Date: 2026-09-14T21:28:20Z
[Licensing::IpcConnector] Successfully connected to: "LicenseClient-golfa" at "2026-09-14T21:28:20.9099061Z"
[Licensing::Client] Code 10 while verifying Licensing Client signature (process Id: 16192, path: "C:/Program Files/Unity Hub/UnityLicensingClient_V1/Unity.Licensing.Client.exe")
[Licensing::Module] LicensingClient has failed validation; ignoring
[Licensing::Client] Handshaking with LicensingClient:
  Version:                 1.18.3+d7ffd15
  Session Id:              e2a67fac573b41fca2349c32ad58994a
  Correlation Id:          072e5d8d47958b7b3cefe669362c5ab1
  External correlation Id: 2797777723250359365
  Machine Id:              FUnE4I3JiGVUYJ7CitaydDp0Olk=
[Licensing::Module] Successfully connected to LicensingClient on channel: "LicenseClient-golfa" (connect: 0.00s, validation: 0.01s, handshake: 0.08s)
[Licensing::IpcConnector] Successfully connected to: "LicenseClient-golfa-notifications" at "2026-09-14T21:28:20.9942091Z"
[Licensing::Module] Licensing Background thread has ended after 0.09s

COMMAND LINE ARGUMENTS:
C:\Program Files\Unity\Hub\Editor\6000.5.9f1\Editor\Unity.exe
-adb2
-batchMode
-noUpm
-name
AssetImportWorkerHW3
-projectPath
C:/Users/golfa/Rocket
-logFile
Logs/AssetImportWorkerHW3.log
-srvPort
63768
-parentPid
28452
-analyticsCloudUserId
18967218653225
-analyticsLocalProjectId
64207c39853c3f149af8c67a4b542fb9
-editorAnalyticsEnabled
1
-cbmEditorLicense
2483fd98348eaff93f7cb9b040f9533a53650a6a
-cbmMachineId
FUnE4I3JiGVUYJ7CitaydDp0Olk=
-licensingIpc
LicenseClient-golfa
-noDiagnosticSwitchPersistentStore
-job-worker-count
9
-background-job-worker-count
8
-asset-garbage-collectors
1
-force-d3d12
-name
AssetImport
Successfully changed project path to: C:/Users/golfa/Rocket
C:/Users/golfa/Rocket
[UnityMemory] Configuration Parameters - Can be set up in boot.config
    "memorysetup-temp-allocator-size-gi-baking-worker=262144"
    "memorysetup-temp-allocator-size-gi-baking-worker=262144"
    "memorysetup-temp-allocator-size-gi-baking-worker=262144"
    "memorysetup-temp-allocator-size-gi-baking-worker=262144"
    "memorysetup-temp-allocator-size-gi-baking-worker=262144"
    "memorysetup-temp-allocator-size-nav-mesh-worker=65536"
    "memorysetup-temp-allocator-size-audio-worker=65536"
    "memorysetup-temp-allocator-size-cloud-worker=32768"
    "memorysetup-temp-allocator-size-gfx=262144"
    "memorysetup-remapper-allocator-initial-capacity=32768"
    "memorysetup-temp-allocator-size-preload-manager=33554432"
    "memorysetup-allocator-temp-initial-block-size-main=262144"
    "memorysetup-allocator-temp-initial-block-size-worker=262144"
    "memorysetup-temp-allocator-size-job-worker=262144"
    "memorysetup-temp-allocator-size-background-worker=32768"
    "memorysetup-bucket-allocator-granularity=16"
    "memorysetup-bucket-allocator-bucket-count=8"
    "memorysetup-bucket-allocator-block-size=33554432"
    "memorysetup-bucket-allocator-block-count=8"
    "memorysetup-main-allocator-block-size=16777216"
    "memorysetup-thread-allocator-block-size=16777216"
    "memorysetup-main-allocator-mimalloc-enabled=0"
    "memorysetup-gfx-main-allocator-block-size=16777216"
    "memorysetup-gfx-thread-allocator-block-size=16777216"
    "memorysetup-cache-allocator-block-size=4194304"
    "memorysetup-typetree-allocator-block-size=2097152"
    "memorysetup-profiler-bucket-allocator-granularity=16"
    "memorysetup-profiler-bucket-allocator-bucket-count=8"
    "memorysetup-profiler-bucket-allocator-block-size=33554432"
    "memorysetup-profiler-bucket-allocator-block-count=8"
    "memorysetup-profiler-allocator-block-size=16777216"
    "memorysetup-profiler-editor-allocator-block-size=1048576"
    "memorysetup-temp-allocator-size-main=16777216"
    "memorysetup-job-temp-allocator-block-size=2097152"
    "memorysetup-job-temp-allocator-block-size-background=1048576"
    "memorysetup-job-temp-allocator-reduction-small-platforms=262144"
Player connection [26008]  Target information:

Player connection [26008]  * "[IP] 192.168.1.100 [Port] 0 [Flags] 2 [Guid] 531006689 [EditorId] 531006689 [Version] 1048832 [Id] WindowsEditor(7,Onejack) [Debug] 1 [PackageName] WindowsEditor [ProjectName] Editor" 

Player connection [26008] Host joined multi-casting on [225.0.0.222:54997]...
Player connection [26008] Host joined alternative multi-casting on [225.0.0.222:34997]...
JobSystem: Creating JobQueue using job-worker-count value 9
Input System module state changed to: Initialized.
[Physics::Module] Initialized fallback backend.
[Physics::Module] Id: 0xdecafbad
Library Redirect Path: Library/
[Physics::Module] Selected backend.
[Physics::Module] Name: PhysX
[Physics::Module] Id: 0xf2b8ea05
[Physics::Module] SDK Version: 4.1.2
[Physics::Module] Integration Version: 1.0.0
[Physics::Module] Threading Mode: Multi-Threaded
Refreshing native plugins compatible for Editor in 13.07 ms, found 4 plugins.
Initialize engine version: 6000.5.9f1 (b57deb96f08d)
[Subsystems] Discovering subsystems at path C:/Program Files/Unity/Hub/Editor/6000.5.9f1/Editor/Data/Resources/UnitySubsystems
[Subsystems] Discovering subsystems at path C:/Users/golfa/Rocket/Assets
Forcing GfxDevice: Direct3D 12
GfxDevice: creating device client; kGfxThreadingModeNonThreaded
d3d12: failed to query info queue interface (0x80004002).
Direct3D:
    Version:         Direct3D 12 [level 12.2]
    Renderer:        NVIDIA GeForce RTX 4060 Ti (ID=0x2803)
    Vendor:          NVIDIA
    VRAM:            7949 MB
    App VRAM Budget: 6477 MB
    Driver:          32.0.16.1088
Initialize mono
Mono path[0] = 'C:/Program Files/Unity/Hub/Editor/6000.5.9f1/Editor/Data/Managed'
Mono path[1] = 'C:/Program Files/Unity/Hub/Editor/6000.5.9f1/Editor/Data/BCLExtensions/runtime/netstandard2.1'
Mono path[2] = 'C:/Program Files/Unity/Hub/Editor/6000.5.9f1/Editor/Data/MonoBleedingEdge/lib/mono/unityjit-win32'
Mono config path = 'C:/Program Files/Unity/Hub/Editor/6000.5.9f1/Editor/Data/MonoBleedingEdge/etc'
Using monoOptions --debugger-agent=transport=dt_socket,embedding=1,server=y,suspend=n,address=127.0.0.1:56700
CodeReloadManager initialized
Begin MonoManager ReloadAssembly
Registering precompiled unity dll's ...
Register platform support module: C:/Program Files/Unity/Hub/Editor/6000.5.9f1/Editor/Data/PlaybackEngines/WebGLSupport/UnityEditor.WebGL.Extensions.dll
Register platform support module: C:/Program Files/Unity/Hub/Editor/6000.5.9f1/Editor/Data/PlaybackEngines/WindowsStandaloneSupport/UnityEditor.WindowsStandalone.Extensions.dll
Registered in 0.005073 seconds.
Native extension for WindowsStandalone target not found
Native extension for WebGL target not found
Package Manager log level set to [2]
[Package Manager] Failed to launch server process. Reason: Unity was launched with the -noUpm command-line argument
[Package Manager] Unable to send message (not connected to server process).
[Package Manager] Cannot connect to Unity Package Manager local server
ScheduleIndexationOnStartup MainProcess:False IndexOnStartup:True
Mono: successfully reloaded assembly
- Finished resetting the current domain, in  1.561 seconds
Domain Reload Profiling: 2455ms
	BeginReloadAssembly (242ms)
	RebuildCommonClasses (7ms)
	RebuildNativeTypeToScriptingClass (24ms)
	initialDomainReloadingComplete (142ms)
	LoadAllAssembliesAndSetupDomain (477ms)
		LoadAssemblies (237ms)
		AnalyzeDomain (349ms)
			TypeCache.Refresh (348ms)
				TypeCache.ScanAssembly (321ms)
	FinalizeReload (1563ms)
		SetupLoadedEditorAssemblies (0ms)
			InitializePlatformSupportModulesInManaged (5ms)
			BeforeProcessingInitializeOnLoad (152ms)
			ProcessInitializeOnLoadAttributes (171ms)
			ProcessInitializeOnLoadMethodAttributes (1106ms)
Initializing Unity extensions:
[Licensing::Client] Successfully resolved entitlement details
[Licensing::Module] License group:
  Id: 18967218653225-UnityPersXXXX
  Product: Unity Personal
  Type: Assigned
  Expiration: Unlimited
========================================================================
Worker process is ready to serve import requests
Import Worker Mode flag is 0x00
Begin MonoManager ReloadAssembly
Native extension for WindowsStandalone target not found
Native extension for WebGL target not found
[Package Manager] Failed to launch server process. Reason: Unity was launched with the -noUpm command-line argument
[Package Manager] Unable to send message (not connected to server process).
[Package Manager] Cannot connect to Unity Package Manager local server
[Package Manager] Failed to launch server process. Reason: Unity was launched with the -noUpm command-line argument
[Package Manager] Unable to send message (not connected to server process).
[Package Manager] Cannot connect to Unity Package Manager local server
ScheduleIndexationOnStartup MainProcess:False IndexOnStartup:True
Mono: successfully reloaded assembly
- Finished resetting the current domain, in  1.273 seconds
Domain Reload Profiling: 2793ms
	BeginReloadAssembly (325ms)
		DisableScriptedObjects (17ms)
		CreateAndSetChildDomain (56ms)
	RebuildCommonClasses (13ms)
	RebuildNativeTypeToScriptingClass (23ms)
	initialDomainReloadingComplete (99ms)
	LoadAllAssembliesAndSetupDomain (1059ms)
		LoadAssemblies (631ms)
		AnalyzeDomain (412ms)
			TypeCache.Refresh (294ms)
				TypeCache.ScanAssembly (265ms)
			BuildScriptInfoCaches (106ms)
			ResolveRequiredComponents (7ms)
	FinalizeReload (1274ms)
		SetupLoadedEditorAssemblies (0ms)
			InitializePlatformSupportModulesInManaged (4ms)
			BeforeProcessingInitializeOnLoad (136ms)
			ProcessInitializeOnLoadAttributes (459ms)
			ProcessInitializeOnLoadMethodAttributes (183ms)
			AfterProcessingInitializeOnLoad (7ms)
		AwakeInstancesAfterBackupRestoration (12ms)
AcceleratorClientConnectionCallback - disconnected - :0
Launched and connected shader compiler UnityShaderCompiler.exe after 0.02 seconds
Refreshing native plugins compatible for Editor in 2.52 ms, found 4 plugins.
Unloading 24 Unused Serialized files (Serialized files now loaded: 0)
Curl error 3: URL rejected: Malformed input to a URL function
Unloading 6638 unused Assets / (6.4 MB). Loaded Objects now: 7632.
Memory consumption went from 347.5 MB to 341.1 MB.
Total: 19.342400 ms (FindLiveObjects: 2.171900 ms CreateObjectMapping: 4.339100 ms MarkObjects: 7.252000 ms  DeleteObjects: 5.575000 ms)

========================================================================
Received Import Request.
  Time of request: 2026-09-14T21:28:40.6793084Z
  Time since last request: 6834.34074220000002 seconds.
  importAddress: GUID: 25c03fdd40dca27499a5ecdf702bb73c - Path: Assets/SpaceSkies Free/Skybox_1/Textures/1K_Resolution/Left_1K_TEX.png - Importer: PreviewImporter
Importing 'GUID: 25c03fdd40dca27499a5ecdf702bb73c - Path: Assets/SpaceSkies Free/Skybox_1/Textures/1K_Resolution/Left_1K_TEX.png - Importer: PreviewImporter' with importer (PreviewImporter)
Imported 'GUID: 25c03fdd40dca27499a5ecdf702bb73c' -> (Import Result ID: '4e0d53d52858aa2382c3c37a84ec612f') in 0.108 seconds [static and dynamic dependencies]. Details - ImportResultOutputID=6b4952885a678a54bd1de3efab6bc617 DependenciesID=f3f07df438e93611691b493421061c75 StaticDependenciesID=3297983b2663266f458ecd6b5f300e79 
Number of updated asset objects reloaded before import = 0
Number of asset objects unloaded after import = 2
========================================================================
Received Import Request.
  Time of request: 2026-09-14T21:28:42.8315742Z
  Time since last request: 2.0306473 seconds.
  importAddress: GUID: 4e305140e2a136c449648e67d9b747fc - Path: Assets/SpaceSkies Free/Skybox_1/Textures/2K_Resolution/Left_2K_TEX.png - Importer: PreviewImporter
Importing 'GUID: 4e305140e2a136c449648e67d9b747fc - Path: Assets/SpaceSkies Free/Skybox_1/Textures/2K_Resolution/Left_2K_TEX.png - Importer: PreviewImporter' with importer (PreviewImporter)
Imported 'GUID: 4e305140e2a136c449648e67d9b747fc' -> (Import Result ID: '524bfe11d75f77b0cddc516c67aacf5f') in 0.026 seconds [static and dynamic dependencies]. Details - ImportResultOutputID=1a13766887fb5ea23419b97210603296 DependenciesID=2f3a53a2cf605094341428294e91b235 StaticDependenciesID=77b7c0240b07307b3567764315b9723f 
Number of updated asset objects reloaded before import = 0
Number of asset objects unloaded after import = 2
========================================================================
Received Import Request.
  Time of request: 2026-09-14T21:28:43.990904Z
  Time since last request: 1.1211139 seconds.
  importAddress: GUID: 0df7cac303be5da4b8a48d3fef142f03 - Path: Assets/SpaceSkies Free/Skybox_1/Textures/4K_Resolution/Left_4K_TEX.png - Importer: PreviewImporter
Importing 'GUID: 0df7cac303be5da4b8a48d3fef142f03 - Path: Assets/SpaceSkies Free/Skybox_1/Textures/4K_Resolution/Left_4K_TEX.png - Importer: PreviewImporter' with importer (PreviewImporter)
Imported 'GUID: 0df7cac303be5da4b8a48d3fef142f03' -> (Import Result ID: '0d2d9745ddd424c7328bea66f16b0285') in 0.027 seconds [static and dynamic dependencies]. Details - ImportResultOutputID=e0968d29bc6fd8c2927c93b4a87af25e DependenciesID=c1a2e735f2e85fd9e7b41921ab6aed3c StaticDependenciesID=a736f19a0c849f5e45017bc6914596ab 
Number of updated asset objects reloaded before import = 0
Number of asset objects unloaded after import = 2
========================================================================
Received Import Request.
  Time of request: 2026-09-14T21:28:44.0310307Z
  Time since last request: 0.001125 seconds.
  importAddress: GUID: e3910dca1fac1894e95d811bb9e0e995 - Path: Assets/SpaceSkies Free/Skybox_1/Textures/4K_Resolution/Up_4K_TEX.png - Importer: PreviewImporter
Importing 'GUID: e3910dca1fac1894e95d811bb9e0e995 - Path: Assets/SpaceSkies Free/Skybox_1/Textures/4K_Resolution/Up_4K_TEX.png - Importer: PreviewImporter' with importer (PreviewImporter)
Imported 'GUID: e3910dca1fac1894e95d811bb9e0e995' -> (Import Result ID: 'a5aaa9ccc25ba9d3c931f6ae7491e73d') in 0.022 seconds [static and dynamic dependencies]. Details - ImportResultOutputID=c1ad85eec9eaf15ab9ffaf917c557854 DependenciesID=180d3fae58c441e0ffa3567128f95b51 StaticDependenciesID=29c7f3500df79477174478528b3e38bb 
Number of updated asset objects reloaded before import = 0
Number of asset objects unloaded after import = 2
========================================================================
Received Import Request.
  Time of request: 2026-09-14T21:28:46.2952609Z
  Time since last request: 2.2296664 seconds.
  importAddress: GUID: d993ced003ce4db428db820c5408c06c - Path: Assets/SpaceSkies Free/Skybox_2/Textures/1K_Resolution/Left_1K_TEX.png - Importer: PreviewImporter
Importing 'GUID: d993ced003ce4db428db820c5408c06c - Path: Assets/SpaceSkies Free/Skybox_2/Textures/1K_Resolution/Left_1K_TEX.png - Importer: PreviewImporter' with importer (PreviewImporter)
Imported 'GUID: d993ced003ce4db428db820c5408c06c' -> (Import Result ID: 'e7e0157131675ee140c9f6f1fd80b900') in 0.019 seconds [static and dynamic dependencies]. Details - ImportResultOutputID=ca9a710cc5633b7f92ee745d19b3c24a DependenciesID=d6d5b29019fbcf77ae483d79d90047a8 StaticDependenciesID=e99f00ea969bb5377fc9969cbfb08c35 
Number of updated asset objects reloaded before import = 0
Number of asset objects unloaded after import = 2
========================================================================
Received Import Request.
  Time of request: 2026-09-14T21:28:46.3277326Z
  Time since last request: 0.0009047 seconds.
  importAddress: GUID: de08a4479f1bab54f83be26de404f384 - Path: Assets/SpaceSkies Free/Skybox_2/Textures/1K_Resolution/Up_1K_TEX.png - Importer: PreviewImporter
Importing 'GUID: de08a4479f1bab54f83be26de404f384 - Path: Assets/SpaceSkies Free/Skybox_2/Textures/1K_Resolution/Up_1K_TEX.png - Importer: PreviewImporter' with importer (PreviewImporter)
Imported 'GUID: de08a4479f1bab54f83be26de404f384' -> (Import Result ID: '10bf9c46b3de00dfc3f22ac3313508aa') in 0.019 seconds [static and dynamic dependencies]. Details - ImportResultOutputID=4a11ed088045ffe81378673086d75a5a DependenciesID=b96f65592f9396129b240d9c1c875ad0 StaticDependenciesID=0d5d38810d07b161fb35f9b815fdede3 
Number of updated asset objects reloaded before import = 0
Number of asset objects unloaded after import = 2
========================================================================
Received Import Request.
  Time of request: 2026-09-14T21:28:48.4100894Z
  Time since last request: 2.0509664 seconds.
  importAddress: GUID: c7cf8f63aa26f9c439bf607be6b4fe8d - Path: Assets/SpaceSkies Free/Skybox_3/Textures/1K_Resolution/Left_1K_TEX.png - Importer: PreviewImporter
Importing 'GUID: c7cf8f63aa26f9c439bf607be6b4fe8d - Path: Assets/SpaceSkies Free/Skybox_3/Textures/1K_Resolution/Left_1K_TEX.png - Importer: PreviewImporter' with importer (PreviewImporter)
Imported 'GUID: c7cf8f63aa26f9c439bf607be6b4fe8d' -> (Import Result ID: 'e428d1fecd67e6f766477b247b4fe0e4') in 0.017 seconds [static and dynamic dependencies]. Details - ImportResultOutputID=51e80e1d5441e9bf66935c9ee3b0cc26 DependenciesID=3045c7eb268842df510b1a9aa0817436 StaticDependenciesID=e59a5f26a4463462e4c2fad30245cb4c 
Number of updated asset objects reloaded before import = 0
Number of asset objects unloaded after import = 2
========================================================================
Received Import Request.
  Time of request: 2026-09-14T21:28:48.4407444Z
  Time since last request: 0.0014772 seconds.
  importAddress: GUID: f1285d1399d96f0438d3759ba234d28e - Path: Assets/SpaceSkies Free/Skybox_3/Textures/1K_Resolution/Down_1K_TEX.png - Importer: PreviewImporter
Importing 'GUID: f1285d1399d96f0438d3759ba234d28e - Path: Assets/SpaceSkies Free/Skybox_3/Textures/1K_Resolution/Down_1K_TEX.png - Importer: PreviewImporter' with importer (PreviewImporter)
Imported 'GUID: f1285d1399d96f0438d3759ba234d28e' -> (Import Result ID: 'f2e65471e7ea395cbe74d3346da6a637') in 0.016 seconds [static and dynamic dependencies]. Details - ImportResultOutputID=04dcc6c437ff8132baaf6a48e8feba42 DependenciesID=5bbe1f9b63efdc43887fdc74a8281ae3 StaticDependenciesID=c6d37836d962ca3700ac82b37312438d 
Number of updated asset objects reloaded before import = 0
Number of asset objects unloaded after import = 2
========================================================================
Received Import Request.
  Time of request: 2026-09-14T21:28:49.3626648Z
  Time since last request: 0.8914468 seconds.
  importAddress: GUID: 4a641c129d021924b96b754f3ee37f14 - Path: Assets/SpaceSkies Free/Skybox_3/Textures/2K_Resolution/Left_2K_TEX.png - Importer: PreviewImporter
Importing 'GUID: 4a641c129d021924b96b754f3ee37f14 - Path: Assets/SpaceSkies Free/Skybox_3/Textures/2K_Resolution/Left_2K_TEX.png - Importer: PreviewImporter' with importer (PreviewImporter)
Imported 'GUID: 4a641c129d021924b96b754f3ee37f14' -> (Import Result ID: '2148e0a614af22888e3719564240cac5') in 0.027 seconds [static and dynamic dependencies]. Details - ImportResultOutputID=df1f4a7a0df1d33407ae519a6bcd9c82 DependenciesID=4ce7e3f991f50f789230d3802452acb0 StaticDependenciesID=cf475762e4e44825bd238226ff87830a 
Number of updated asset objects reloaded before import = 0
Number of asset objects unloaded after import = 2
========================================================================
Received Import Request.
  Time of request: 2026-09-14T21:28:49.403346Z
  Time since last request: 0.0017348 seconds.
  importAddress: GUID: 3bd9a2ba233530b46b8e292ebf4c91de - Path: Assets/SpaceSkies Free/Skybox_3/Textures/2K_Resolution/Down_2K_TEX.png - Importer: PreviewImporter
Importing 'GUID: 3bd9a2ba233530b46b8e292ebf4c91de - Path: Assets/SpaceSkies Free/Skybox_3/Textures/2K_Resolution/Down_2K_TEX.png - Importer: PreviewImporter' with importer (PreviewImporter)
Imported 'GUID: 3bd9a2ba233530b46b8e292ebf4c91de' -> (Import Result ID: '9406def76201d6df8d30ea2225bbaaa9') in 0.023 seconds [static and dynamic dependencies]. Details - ImportResultOutputID=c0d7986c2142a11becba989e88bbfa09 DependenciesID=001d3ae419058741d2f64097028d5046 StaticDependenciesID=84be4363be9bb2b4dc8e2e0d7d0a544a 
Number of updated asset objects reloaded before import = 0
Number of asset objects unloaded after import = 2
========================================================================
Received Import Request.
  Time of request: 2026-09-14T21:28:49.7096615Z
  Time since last request: 0.2691849 seconds.
  importAddress: GUID: 0d75254716c4d2944b355b0ac02b2f06 - Path: Assets/SpaceSkies Free/Skybox_3/Textures/4K_Resolution/Left_4K_TEX.png - Importer: PreviewImporter
Importing 'GUID: 0d75254716c4d2944b355b0ac02b2f06 - Path: Assets/SpaceSkies Free/Skybox_3/Textures/4K_Resolution/Left_4K_TEX.png - Importer: PreviewImporter' with importer (PreviewImporter)
Imported 'GUID: 0d75254716c4d2944b355b0ac02b2f06' -> (Import Result ID: '07c80b5bb62b006003b0b2880686427b') in 0.035 seconds [static and dynamic dependencies]. Details - ImportResultOutputID=d2f26fb650621959b5125bce5309687a DependenciesID=a598cc73e5bee7659191a7870e98d67a StaticDependenciesID=b6d2bac3f03d4950eaf0858af59961ec 
Number of updated asset objects reloaded before import = 0
Number of asset objects unloaded after import = 2
========================================================================
Received Import Request.
  Time of request: 2026-09-14T21:28:49.7570774Z
  Time since last request: 0.000967 seconds.
  importAddress: GUID: 49a8bdde5f42613408b38567bd620391 - Path: Assets/SpaceSkies Free/Skybox_3/Textures/4K_Resolution/Up_4K_TEX.png - Importer: PreviewImporter
Importing 'GUID: 49a8bdde5f42613408b38567bd620391 - Path: Assets/SpaceSkies Free/Skybox_3/Textures/4K_Resolution/Up_4K_TEX.png - Importer: PreviewImporter' with importer (PreviewImporter)
Imported 'GUID: 49a8bdde5f42613408b38567bd620391' -> (Import Result ID: 'f6f9fe00fa13322dd9316dcd35c4c36d') in 0.017 seconds [static and dynamic dependencies]. Details - ImportResultOutputID=3036c83f03fe7c0c61fb2df1e4c2466e DependenciesID=b0f2e7551ff43972c04f40b2c9375763 StaticDependenciesID=ec839402509399391adc2c185f852b77 
Number of updated asset objects reloaded before import = 0
Number of asset objects unloaded after import = 2
========================================================================
Received Import Request.
  Time of request: 2026-09-14T21:29:25.9224895Z
  Time since last request: 36.1335902 seconds.
  importAddress: GUID: 2491af8887e100e46a81c63b489aebdc - Path: Assets/SpaceSkies Free/Skybox_3/Textures/2K_Resolution/Front_2K_TEX.png - Importer: ScriptedImporter/UnityEditor.QuickSearchModule:UnityEditor.Search:ASIAI0B
Importing 'GUID: 2491af8887e100e46a81c63b489aebdc - Path: Assets/SpaceSkies Free/Skybox_3/Textures/2K_Resolution/Front_2K_TEX.png - Importer: ScriptedImporter/UnityEditor.QuickSearchModule:UnityEditor.Search:ASIAI0B' with importer (ScriptedImporter : UnityEditor.QuickSearchModule:UnityEditor.Search:ASIAI0B)
Imported 'GUID: 2491af8887e100e46a81c63b489aebdc' -> (Import Result ID: '462841d7912b94dc611319b1c1b510e0') in 0.187 seconds [static and dynamic dependencies]. Details - ImportResultOutputID=0fa8523431852d41f22c00ddf98fa033 DependenciesID=18a2dcc555c807f2e9bfe46ac8588241 StaticDependenciesID=3e2c74d56bc991baacfe9a866aa25097 
Number of updated asset objects reloaded before import = 0
Number of asset objects unloaded after import = 1
========================================================================
Received Import Request.
  Time of request: 2026-09-14T21:29:26.1255861Z
  Time since last request: 0.0021497 seconds.
  importAddress: GUID: 9f69d571a9cb54943b5a80ccd6b19e96 - Path: Assets/SpaceSkies Free/Skybox_1/Pink_2K_Resolution.mat - Importer: ScriptedImporter/UnityEditor.QuickSearchModule:UnityEditor.Search:ASIAI0B
Importing 'GUID: 9f69d571a9cb54943b5a80ccd6b19e96 - Path: Assets/SpaceSkies Free/Skybox_1/Pink_2K_Resolution.mat - Importer: ScriptedImporter/UnityEditor.QuickSearchModule:UnityEditor.Search:ASIAI0B' with importer (ScriptedImporter : UnityEditor.QuickSearchModule:UnityEditor.Search:ASIAI0B)
Imported 'GUID: 9f69d571a9cb54943b5a80ccd6b19e96' -> (Import Result ID: 'b50d58ee58d180b8acf17c40a21eab7e') in 0.091 seconds [static and dynamic dependencies]. Details - ImportResultOutputID=70b91f50e5a0add6b2c534704260690c DependenciesID=46468431d4748ceafee08d00f47d127d StaticDependenciesID=d472a36e1708f6221bb50bf35e1a1819 
Number of updated asset objects reloaded before import = 0
Number of asset objects unloaded after import = 7
========================================================================
Received Import Request.
  Time of request: 2026-09-14T21:29:26.2310056Z
  Time since last request: 0.0012621 seconds.
  importAddress: GUID: 62315499e7bf73d4ca2e0334daa77789 - Path: Assets/SpaceSkies Free/Skybox_2/Textures - Importer: ScriptedImporter/UnityEditor.QuickSearchModule:UnityEditor.Search:ASIAI0B
Importing 'GUID: 62315499e7bf73d4ca2e0334daa77789 - Path: Assets/SpaceSkies Free/Skybox_2/Textures - Importer: ScriptedImporter/UnityEditor.QuickSearchModule:UnityEditor.Search:ASIAI0B' with importer (ScriptedImporter : UnityEditor.QuickSearchModule:UnityEditor.Search:ASIAI0B)
Imported 'GUID: 62315499e7bf73d4ca2e0334daa77789' -> (Import Result ID: '69e60d14e0df9a0319f6c79197c66598') in 0.022 seconds [static and dynamic dependencies]. Details - ImportResultOutputID=af45167200f9db3b989572ee50b2f7a9 DependenciesID=caf3f8138484bf6fe65293ae0f522688 StaticDependenciesID=9b515e1cd5d71e9ebd530ef1af83d93d 
Number of updated asset objects reloaded before import = 0
Number of asset objects unloaded after import = 1
========================================================================
Received Import Request.
  Time of request: 2026-09-14T21:29:26.2697569Z
  Time since last request: 0.0015996 seconds.
  importAddress: GUID: 1886fe84c8912234586d4423d3439af7 - Path: Assets/SpaceSkies Free/Skybox_2/Textures/4K_Resolution/Back_4K_TEX.png - Importer: ScriptedImporter/UnityEditor.QuickSearchModule:UnityEditor.Search:ASIAI0B
Importing 'GUID: 1886fe84c8912234586d4423d3439af7 - Path: Assets/SpaceSkies Free/Skybox_2/Textures/4K_Resolution/Back_4K_TEX.png - Importer: ScriptedImporter/UnityEditor.QuickSearchModule:UnityEditor.Search:ASIAI0B' with importer (ScriptedImporter : UnityEditor.QuickSearchModule:UnityEditor.Search:ASIAI0B)
Imported 'GUID: 1886fe84c8912234586d4423d3439af7' -> (Import Result ID: 'e06abf5c8124648fac8f33714220dc3f') in 0.037 seconds [static and dynamic dependencies]. Details - ImportResultOutputID=729e38b5d97dc7191ecb7a58885be527 DependenciesID=eee49fe9f2c5774a8db89a81a40be889 StaticDependenciesID=05ca03ee759a95835135d9c0be41b5d3 
Number of updated asset objects reloaded before import = 0
Number of asset objects unloaded after import = 1
========================================================================
Received Import Request.
  Time of request: 2026-09-14T21:29:26.3284808Z
  Time since last request: 0.0011437 seconds.
  importAddress: GUID: 85da55c4089e9664d84bfa1285a9c787 - Path: Assets/SpaceSkies Free/Skybox_3/Textures/4K_Resolution/Right_4K_TEX.png - Importer: ScriptedImporter/UnityEditor.QuickSearchModule:UnityEditor.Search:ASIAI0B
Importing 'GUID: 85da55c4089e9664d84bfa1285a9c787 - Path: Assets/SpaceSkies Free/Skybox_3/Textures/4K_Resolution/Right_4K_TEX.png - Importer: ScriptedImporter/UnityEditor.QuickSearchModule:UnityEditor.Search:ASIAI0B' with importer (ScriptedImporter : UnityEditor.QuickSearchModule:UnityEditor.Search:ASIAI0B)
Imported 'GUID: 85da55c4089e9664d84bfa1285a9c787' -> (Import Result ID: 'a3f7355aa692fdb7ea869e7de53d36a3') in 0.021 seconds [static and dynamic dependencies]. Details - ImportResultOutputID=56d6bb243316914707bf1b0fa030824a DependenciesID=5764b56bd4806860df3e3380f149ec88 StaticDependenciesID=03d34b01915005b6d60d7b3a18f131d2 
Number of updated asset objects reloaded before import = 0
Number of asset objects unloaded after import = 1
========================================================================
Received Import Request.
  Time of request: 2026-09-14T21:29:26.3638281Z
  Time since last request: 0.0019876 seconds.
  importAddress: GUID: 92654ee8962c0d54b938abcb5ea5887b - Path: Assets/SpaceSkies Free/Skybox_2/Textures/2K_Resolution/Right_2K_TEX.png - Importer: ScriptedImporter/UnityEditor.QuickSearchModule:UnityEditor.Search:ASIAI0B
Importing 'GUID: 92654ee8962c0d54b938abcb5ea5887b - Path: Assets/SpaceSkies Free/Skybox_2/Textures/2K_Resolution/Right_2K_TEX.png - Importer: ScriptedImporter/UnityEditor.QuickSearchModule:UnityEditor.Search:ASIAI0B' with importer (ScriptedImporter : UnityEditor.QuickSearchModule:UnityEditor.Search:ASIAI0B)
Imported 'GUID: 92654ee8962c0d54b938abcb5ea5887b' -> (Import Result ID: '54607b5d6b40e78f4e8bd57d607e7ea5') in 0.019 seconds [static and dynamic dependencies]. Details - ImportResultOutputID=14b8847bb57d2ba6edf1b831daab57cc DependenciesID=0c1737659359a4cf45e61b89f5f856f0 StaticDependenciesID=d40767cd3f504fbcd98e8e1193aa8359 
Number of updated asset objects reloaded before import = 0
Number of asset objects unloaded after import = 1
========================================================================
Received Import Request.
  Time of request: 2026-09-14T21:29:26.3973928Z
  Time since last request: 0.0011267 seconds.
  importAddress: GUID: 074265280bfab4949b132a5dd423d9cb - Path: Assets/SpaceSkies Free/Skybox_3/Textures/1K_Resolution/Up_1K_TEX.png - Importer: ScriptedImporter/UnityEditor.QuickSearchModule:UnityEditor.Search:ASIAI0B
Importing 'GUID: 074265280bfab4949b132a5dd423d9cb - Path: Assets/SpaceSkies Free/Skybox_3/Textures/1K_Resolution/Up_1K_TEX.png - Importer: ScriptedImporter/UnityEditor.QuickSearchModule:UnityEditor.Search:ASIAI0B' with importer (ScriptedImporter : UnityEditor.QuickSearchModule:UnityEditor.Search:ASIAI0B)
Imported 'GUID: 074265280bfab4949b132a5dd423d9cb' -> (Import Result ID: 'c14ae0e05a846de177b6c899b30377b8') in 0.020 seconds [static and dynamic dependencies]. Details - ImportResultOutputID=7cd9a6a27e152a81f05dbc2720699ea1 DependenciesID=29f8bdefaf7d9b111e3ddce3b94854c3 StaticDependenciesID=959ad31566048ef54e86671b01875894 
Number of updated asset objects reloaded before import = 0
Number of asset objects unloaded after import = 1
========================================================================
Received Import Request.
  Time of request: 2026-09-14T21:29:26.4339988Z
  Time since last request: 0.0010958 seconds.
  importAddress: GUID: ec745b7dca4e6f348a76ecdfd0addcd0 - Path: Assets/SpaceSkies Free/Skybox_2 - Importer: ScriptedImporter/UnityEditor.QuickSearchModule:UnityEditor.Search:ASIAI0B
Importing 'GUID: ec745b7dca4e6f348a76ecdfd0addcd0 - Path: Assets/SpaceSkies Free/Skybox_2 - Importer: ScriptedImporter/UnityEditor.QuickSearchModule:UnityEditor.Search:ASIAI0B' with importer (ScriptedImporter : UnityEditor.QuickSearchModule:UnityEditor.Search:ASIAI0B)
Imported 'GUID: ec745b7dca4e6f348a76ecdfd0addcd0' -> (Import Result ID: 'f7b802b39e1f86e13a82566e939fed8e') in 0.012 seconds [static and dynamic dependencies]. Details - ImportResultOutputID=7151dfb01dba980c9dab0b20ebb692e2 DependenciesID=72e2375a03af848c2a793dfb8925f45f StaticDependenciesID=c0aa0c4def2e969fc2526e8e33194a18 
Number of updated asset objects reloaded before import = 0
Number of asset objects unloaded after import = 1
========================================================================
Received Import Request.
  Time of request: 2026-09-14T21:29:26.4696763Z
  Time since last request: 0.0009418 seconds.
  importAddress: GUID: c7cf8f63aa26f9c439bf607be6b4fe8d - Path: Assets/SpaceSkies Free/Skybox_3/Textures/1K_Resolution/Left_1K_TEX.png - Importer: ScriptedImporter/UnityEditor.QuickSearchModule:UnityEditor.Search:ASIAI0B
Importing 'GUID: c7cf8f63aa26f9c439bf607be6b4fe8d - Path: Assets/SpaceSkies Free/Skybox_3/Textures/1K_Resolution/Left_1K_TEX.png - Importer: ScriptedImporter/UnityEditor.QuickSearchModule:UnityEditor.Search:ASIAI0B' with importer (ScriptedImporter : UnityEditor.QuickSearchModule:UnityEditor.Search:ASIAI0B)
Imported 'GUID: c7cf8f63aa26f9c439bf607be6b4fe8d' -> (Import Result ID: '01878dc4a9a4b729ede941d1fef2d9b2') in 0.019 seconds [static and dynamic dependencies]. Details - ImportResultOutputID=8e84644c696e9e66d558ded1a49486a1 DependenciesID=35adf132997c94d6ecdfe547d191057c StaticDependenciesID=0ba4bfa7d18583b5d51f044b1ef05347 
Number of updated asset objects reloaded before import = 0
Number of asset objects unloaded after import = 1
========================================================================
Received Import Request.
  Time of request: 2026-09-14T21:29:26.5049642Z
  Time since last request: 0.0007511 seconds.
  importAddress: GUID: 2294659746b7dc74a9bd4b40fbbf13f1 - Path: Assets/SpaceSkies Free/Skybox_1/Textures/4K_Resolution/Front_4K_TEX.png - Importer: ScriptedImporter/UnityEditor.QuickSearchModule:UnityEditor.Search:ASIAI0B
Importing 'GUID: 2294659746b7dc74a9bd4b40fbbf13f1 - Path: Assets/SpaceSkies Free/Skybox_1/Textures/4K_Resolution/Front_4K_TEX.png - Importer: ScriptedImporter/UnityEditor.QuickSearchModule:UnityEditor.Search:ASIAI0B' with importer (ScriptedImporter : UnityEditor.QuickSearchModule:UnityEditor.Search:ASIAI0B)
Imported 'GUID: 2294659746b7dc74a9bd4b40fbbf13f1' -> (Import Result ID: 'a1530982176508f5e022c04c5c3fecda') in 0.019 seconds [static and dynamic dependencies]. Details - ImportResultOutputID=8a39dc676f6ecbd3140de3da9adb0c82 DependenciesID=6699bfe21c7b60acdf20655675e4ebd7 StaticDependenciesID=f31b0e94db9eefd9a7e0b2eac12bda99 
Number of updated asset objects reloaded before import = 0
Number of asset objects unloaded after import = 1
========================================================================
Received Import Request.
  Time of request: 2026-09-14T21:29:26.5378735Z
  Time since last request: 0.0007053 seconds.
  importAddress: GUID: 1aa1cb2acaa1a0944b8d6106ee3b10c5 - Path: Assets/SpaceSkies Free/Skybox_2/Textures/2K_Resolution/Down_2K_TEX.png - Importer: ScriptedImporter/UnityEditor.QuickSearchModule:UnityEditor.Search:ASIAI0B
Importing 'GUID: 1aa1cb2acaa1a0944b8d6106ee3b10c5 - Path: Assets/SpaceSkies Free/Skybox_2/Textures/2K_Resolution/Down_2K_TEX.png - Importer: ScriptedImporter/UnityEditor.QuickSearchModule:UnityEditor.Search:ASIAI0B' with importer (ScriptedImporter : UnityEditor.QuickSearchModule:UnityEditor.Search:ASIAI0B)
Imported 'GUID: 1aa1cb2acaa1a0944b8d6106ee3b10c5' -> (Import Result ID: '9eb225c31b2b6c729775878230188601') in 0.026 seconds [static and dynamic dependencies]. Details - ImportResultOutputID=d6908c97a1bd093197d81b5e5bb9a536 DependenciesID=7e6ae3c375db158e06ecf6f49bf04df9 StaticDependenciesID=e009a54875182347703c1afafd4fa806 
Number of updated asset objects reloaded before import = 0
Number of asset objects unloaded after import = 1
========================================================================
Received Import Request.
  Time of request: 2026-09-14T21:29:26.5780041Z
  Time since last request: 0.0005659 seconds.
  importAddress: GUID: d993ced003ce4db428db820c5408c06c - Path: Assets/SpaceSkies Free/Skybox_2/Textures/1K_Resolution/Left_1K_TEX.png - Importer: ScriptedImporter/UnityEditor.QuickSearchModule:UnityEditor.Search:ASIAI0B
Importing 'GUID: d993ced003ce4db428db820c5408c06c - Path: Assets/SpaceSkies Free/Skybox_2/Textures/1K_Resolution/Left_1K_TEX.png - Importer: ScriptedImporter/UnityEditor.QuickSearchModule:UnityEditor.Search:ASIAI0B' with importer (ScriptedImporter : UnityEditor.QuickSearchModule:UnityEditor.Search:ASIAI0B)
Imported 'GUID: d993ced003ce4db428db820c5408c06c' -> (Import Result ID: '5c0f156aa859e52c23e19f1629d49510') in 0.022 seconds [static and dynamic dependencies]. Details - ImportResultOutputID=d0c16bdf76f81457e13f3edb2427fe85 DependenciesID=f53430894cbd5ee1a6697142430b77ba StaticDependenciesID=764fd797ce951de190a40a4f8da362ad 
Number of updated asset objects reloaded before import = 0
Number of asset objects unloaded after import = 1
========================================================================
Received Import Request.
  Time of request: 2026-09-14T21:29:26.6212408Z
  Time since last request: 0.0008927 seconds.
  importAddress: GUID: 46f657b61a981d747b79847775b24900 - Path: Assets/SpaceSkies Free/Skybox_3/Textures/1K_Resolution/Right_1K_TEX.png - Importer: ScriptedImporter/UnityEditor.QuickSearchModule:UnityEditor.Search:ASIAI0B
Importing 'GUID: 46f657b61a981d747b79847775b24900 - Path: Assets/SpaceSkies Free/Skybox_3/Textures/1K_Resolution/Right_1K_TEX.png - Importer: ScriptedImporter/UnityEditor.QuickSearchModule:UnityEditor.Search:ASIAI0B' with importer (ScriptedImporter : UnityEditor.QuickSearchModule:UnityEditor.Search:ASIAI0B)
Imported 'GUID: 46f657b61a981d747b79847775b24900' -> (Import Result ID: '19b6c264511a776fba1c59e0402d30d4') in 0.020 seconds [static and dynamic dependencies]. Details - ImportResultOutputID=ad8fcd2535961352ff5e7f1b4448e098 DependenciesID=e9f2881821a48dfcba4dd80ca1f781cf StaticDependenciesID=47e63a62b2d421d3e520cd20aebfae8b 
Number of updated asset objects reloaded before import = 0
Number of asset objects unloaded after import = 1
========================================================================
Received Import Request.
  Time of request: 2026-09-14T21:29:26.6586518Z
  Time since last request: 0.0016516 seconds.
  importAddress: GUID: 3cf686925f5deb9498710d174dbf5096 - Path: Assets/SpaceSkies Free/Skybox_2/Textures/4K_Resolution - Importer: ScriptedImporter/UnityEditor.QuickSearchModule:UnityEditor.Search:ASIAI0B
Importing 'GUID: 3cf686925f5deb9498710d174dbf5096 - Path: Assets/SpaceSkies Free/Skybox_2/Textures/4K_Resolution - Importer: ScriptedImporter/UnityEditor.QuickSearchModule:UnityEditor.Search:ASIAI0B' with importer (ScriptedImporter : UnityEditor.QuickSearchModule:UnityEditor.Search:ASIAI0B)
Imported 'GUID: 3cf686925f5deb9498710d174dbf5096' -> (Import Result ID: '8c2dc49d9c28741dbc19a3977b975b70') in 0.010 seconds [static and dynamic dependencies]. Details - ImportResultOutputID=73e15072303a6373f0a01cbdc7aedca2 DependenciesID=575a8ad239bc18b23a1d8479c2f5ff6b StaticDependenciesID=d10f4740f91daa6bcbd52656f99f2601 
Number of updated asset objects reloaded before import = 0
Number of asset objects unloaded after import = 1
========================================================================
Received Import Request.
  Time of request: 2026-09-14T21:29:26.6839655Z
  Time since last request: 0.0005698 seconds.
  importAddress: GUID: 0d75254716c4d2944b355b0ac02b2f06 - Path: Assets/SpaceSkies Free/Skybox_3/Textures/4K_Resolution/Left_4K_TEX.png - Importer: ScriptedImporter/UnityEditor.QuickSearchModule:UnityEditor.Search:ASIAI0B
Importing 'GUID: 0d75254716c4d2944b355b0ac02b2f06 - Path: Assets/SpaceSkies Free/Skybox_3/Textures/4K_Resolution/Left_4K_TEX.png - Importer: ScriptedImporter/UnityEditor.QuickSearchModule:UnityEditor.Search:ASIAI0B' with importer (ScriptedImporter : UnityEditor.QuickSearchModule:UnityEditor.Search:ASIAI0B)
Imported 'GUID: 0d75254716c4d2944b355b0ac02b2f06' -> (Import Result ID: 'd44e20b6ae06f07e3d69a0c58f31b2dc') in 0.020 seconds [static and dynamic dependencies]. Details - ImportResultOutputID=3929f29b42dd621af64cef6babcad262 DependenciesID=472ac36f4238a1b3235a43ad34c6fa95 StaticDependenciesID=c68340cfa2378f4b75174372faef52a1 
Number of updated asset objects reloaded before import = 0
Number of asset objects unloaded after import = 1
========================================================================
Received Import Request.
  Time of request: 2026-09-14T21:29:26.7212329Z
  Time since last request: 0.0014868 seconds.
  importAddress: GUID: 33bb4058bb27cfe4e89d7c517f5ab86d - Path: Assets/SpaceSkies Free/Skybox_2/Textures/2K_Resolution/Back_2K_TEX.png - Importer: ScriptedImporter/UnityEditor.QuickSearchModule:UnityEditor.Search:ASIAI0B
Importing 'GUID: 33bb4058bb27cfe4e89d7c517f5ab86d - Path: Assets/SpaceSkies Free/Skybox_2/Textures/2K_Resolution/Back_2K_TEX.png - Importer: ScriptedImporter/UnityEditor.QuickSearchModule:UnityEditor.Search:ASIAI0B' with importer (ScriptedImporter : UnityEditor.QuickSearchModule:UnityEditor.Search:ASIAI0B)
Imported 'GUID: 33bb4058bb27cfe4e89d7c517f5ab86d' -> (Import Result ID: 'd5d53dc10f15df7686ddf3f4093fc335') in 0.018 seconds [static and dynamic dependencies]. Details - ImportResultOutputID=7adeedaaef32f4cdb1d8382f694a7467 DependenciesID=f8e4cdeae5eb36cd7208b4eb6355ff78 StaticDependenciesID=39c8d26c86f38bbdecd4ce308013b009 
Number of updated asset objects reloaded before import = 0
Number of asset objects unloaded after import = 1
========================================================================
Received Import Request.
  Time of request: 2026-09-14T21:29:26.7606815Z
  Time since last request: 0.0010334 seconds.
  importAddress: GUID: 41f70e70af801c8479aa11cebd1babde - Path: Assets/SpaceSkies Free/Skybox_1/Textures/1K_Resolution/Right_1K_TEX.png - Importer: ScriptedImporter/UnityEditor.QuickSearchModule:UnityEditor.Search:ASIAI0B
Importing 'GUID: 41f70e70af801c8479aa11cebd1babde - Path: Assets/SpaceSkies Free/Skybox_1/Textures/1K_Resolution/Right_1K_TEX.png - Importer: ScriptedImporter/UnityEditor.QuickSearchModule:UnityEditor.Search:ASIAI0B' with importer (ScriptedImporter : UnityEditor.QuickSearchModule:UnityEditor.Search:ASIAI0B)
Imported 'GUID: 41f70e70af801c8479aa11cebd1babde' -> (Import Result ID: '272898b7a227e6f5e936c2d4d9805c47') in 0.015 seconds [static and dynamic dependencies]. Details - ImportResultOutputID=c16ca4f303726e8737c8c4df410df624 DependenciesID=28ec00995906f58e7903164762eb4bb7 StaticDependenciesID=1df2c58191f7dd84d94ea640385a143c 
Number of updated asset objects reloaded before import = 0
Number of asset objects unloaded after import = 1
========================================================================
Received Import Request.
  Time of request: 2026-09-14T21:29:26.810535Z
  Time since last request: 0.019073 seconds.
  importAddress: GUID: e3cb4c025ab640f479fc15ed30fda7b5 - Path: Assets/SpaceSkies Free/Skybox_1/Textures/2K_Resolution - Importer: ScriptedImporter/UnityEditor.QuickSearchModule:UnityEditor.Search:ASIAI0B
Importing 'GUID: e3cb4c025ab640f479fc15ed30fda7b5 - Path: Assets/SpaceSkies Free/Skybox_1/Textures/2K_Resolution - Importer: ScriptedImporter/UnityEditor.QuickSearchModule:UnityEditor.Search:ASIAI0B' with importer (ScriptedImporter : UnityEditor.QuickSearchModule:UnityEditor.Search:ASIAI0B)
Imported 'GUID: e3cb4c025ab640f479fc15ed30fda7b5' -> (Import Result ID: 'b2572b486e67658f8f753cb536ba012c') in 0.008 seconds [static and dynamic dependencies]. Details - ImportResultOutputID=68e66bcde2faa5fb25ce0a7f98c9d442 DependenciesID=7d6a2c1a52eb083c50c7543e67cd5fa5 StaticDependenciesID=8bd96acf9f26d26919f83abebaef601b 
Number of updated asset objects reloaded before import = 0
Number of asset objects unloaded after import = 1
========================================================================
Received Import Request.
  Time of request: 2026-09-14T21:29:26.8323049Z
  Time since last request: 0.0008475 seconds.
  importAddress: GUID: 4a9d5d576ee1eb14790fc2ef95202df1 - Path: Assets/SpaceSkies Free/Skybox_3/Textures/1K_Resolution - Importer: ScriptedImporter/UnityEditor.QuickSearchModule:UnityEditor.Search:ASIAI0B
Importing 'GUID: 4a9d5d576ee1eb14790fc2ef95202df1 - Path: Assets/SpaceSkies Free/Skybox_3/Textures/1K_Resolution - Importer: ScriptedImporter/UnityEditor.QuickSearchModule:UnityEditor.Search:ASIAI0B' with importer (ScriptedImporter : UnityEditor.QuickSearchModule:UnityEditor.Search:ASIAI0B)
Imported 'GUID: 4a9d5d576ee1eb14790fc2ef95202df1' -> (Import Result ID: '4a8cd2b26a41d12e36e360e961b507a4') in 0.008 seconds [static and dynamic dependencies]. Details - ImportResultOutputID=7e8a683c6c9ff38df2544400ba97e930 DependenciesID=70562c03441a6469c3d7ec759a93f41c StaticDependenciesID=556320832818f160204eb6477f900539 
Number of updated asset objects reloaded before import = 0
Number of asset objects unloaded after import = 1
========================================================================
Received Import Request.
  Time of request: 2026-09-14T21:29:26.8547638Z
  Time since last request: 0.0009194 seconds.
  importAddress: GUID: e6304ed6970a3cf4c833dabb80ee8d29 - Path: Assets/SpaceSkies Free/Skybox_1/Textures/1K_Resolution/Down_1K_TEX.png - Importer: ScriptedImporter/UnityEditor.QuickSearchModule:UnityEditor.Search:ASIAI0B
Importing 'GUID: e6304ed6970a3cf4c833dabb80ee8d29 - Path: Assets/SpaceSkies Free/Skybox_1/Textures/1K_Resolution/Down_1K_TEX.png - Importer: ScriptedImporter/UnityEditor.QuickSearchModule:UnityEditor.Search:ASIAI0B' with importer (ScriptedImporter : UnityEditor.QuickSearchModule:UnityEditor.Search:ASIAI0B)
Imported 'GUID: e6304ed6970a3cf4c833dabb80ee8d29' -> (Import Result ID: 'b0f03a9c336f7fc0ba4df67f027c9bf2') in 0.021 seconds [static and dynamic dependencies]. Details - ImportResultOutputID=f0847260f4bf03b2030fce6944d83b51 DependenciesID=e9a228d622f30cad6b76775cd9a60719 StaticDependenciesID=1dea767a6d90339d37c847fe9c97b387 
Number of updated asset objects reloaded before import = 0
Number of asset objects unloaded after import = 1
========================================================================
Received Import Request.
  Time of request: 2026-09-14T21:29:26.8952206Z
  Time since last request: 0.0011407 seconds.
  importAddress: GUID: 7532f699e134c3547b373487f6b4d57f - Path: Assets/SpaceSkies Free/Skybox_2/Green_1K_Resolution.mat - Importer: ScriptedImporter/UnityEditor.QuickSearchModule:UnityEditor.Search:ASIAI0B
Importing 'GUID: 7532f699e134c3547b373487f6b4d57f - Path: Assets/SpaceSkies Free/Skybox_2/Green_1K_Resolution.mat - Importer: ScriptedImporter/UnityEditor.QuickSearchModule:UnityEditor.Search:ASIAI0B' with importer (ScriptedImporter : UnityEditor.QuickSearchModule:UnityEditor.Search:ASIAI0B)
Imported 'GUID: 7532f699e134c3547b373487f6b4d57f' -> (Import Result ID: 'f1ea0c802cf9ca5f2f5725775a5ccb64') in 0.028 seconds [static and dynamic dependencies]. Details - ImportResultOutputID=4dcd4b6bc15ac8e11383cc7dbf643223 DependenciesID=338142178f486703a226da729d280f48 StaticDependenciesID=29e1b3b71eaaea4b8d82adda649ed33b 
Number of updated asset objects reloaded before import = 0
Number of asset objects unloaded after import = 7
========================================================================
Received Import Request.
  Time of request: 2026-09-14T21:29:26.9394746Z
  Time since last request: 0.0006738 seconds.
  importAddress: GUID: 68fd53fc5d2a60d4faebe6a65d52793f - Path: Assets/SpaceSkies Free/Skybox_1/Textures/1K_Resolution/Up_1K_TEX.png - Importer: ScriptedImporter/UnityEditor.QuickSearchModule:UnityEditor.Search:ASIAI0B
Importing 'GUID: 68fd53fc5d2a60d4faebe6a65d52793f - Path: Assets/SpaceSkies Free/Skybox_1/Textures/1K_Resolution/Up_1K_TEX.png - Importer: ScriptedImporter/UnityEditor.QuickSearchModule:UnityEditor.Search:ASIAI0B' with importer (ScriptedImporter : UnityEditor.QuickSearchModule:UnityEditor.Search:ASIAI0B)
Imported 'GUID: 68fd53fc5d2a60d4faebe6a65d52793f' -> (Import Result ID: '69944a0b3a7f141e4e3dc0659598f6c6') in 0.023 seconds [static and dynamic dependencies]. Details - ImportResultOutputID=2ffe6eea5d644c8a0fd3994b30ed9138 DependenciesID=84df2a105523d268d3577faed46c8de8 StaticDependenciesID=baf59537a8e60ad87ad596348f464320 
Number of updated asset objects reloaded before import = 0
Number of asset objects unloaded after import = 1
========================================================================
Received Import Request.
  Time of request: 2026-09-14T21:29:26.9781411Z
  Time since last request: 0.0008244 seconds.
  importAddress: GUID: f05bd0dfe0c5b254daa70bf1b61342f4 - Path: Assets/SpaceSkies Free/Skybox_3/Textures/4K_Resolution/Down_4K_TEX.png - Importer: ScriptedImporter/UnityEditor.QuickSearchModule:UnityEditor.Search:ASIAI0B
Importing 'GUID: f05bd0dfe0c5b254daa70bf1b61342f4 - Path: Assets/SpaceSkies Free/Skybox_3/Textures/4K_Resolution/Down_4K_TEX.png - Importer: ScriptedImporter/UnityEditor.QuickSearchModule:UnityEditor.Search:ASIAI0B' with importer (ScriptedImporter : UnityEditor.QuickSearchModule:UnityEditor.Search:ASIAI0B)
Imported 'GUID: f05bd0dfe0c5b254daa70bf1b61342f4' -> (Import Result ID: '736a55c1e9fe6211d7522fde63de7171') in 0.023 seconds [static and dynamic dependencies]. Details - ImportResultOutputID=86fda1fa538af189cce02710cb0e7caa DependenciesID=074906db267b423137514333522c5514 StaticDependenciesID=b045488e537962f2ec06785a6c9fade3 
Number of updated asset objects reloaded before import = 0
Number of asset objects unloaded after import = 1
========================================================================
Received Prepare
AcceleratorClientConnectionCallback - disconnected - :0
Refreshing native plugins compatible for Editor in 2.42 ms, found 4 plugins.
Unloading 24 Unused Serialized files (Serialized files now loaded: 0)
Unloading 25 unused Assets / (2.8 MB). Loaded Objects now: 7637.
Memory consumption went from 344.6 MB to 341.8 MB.
Total: 11.522200 ms (FindLiveObjects: 0.532300 ms CreateObjectMapping: 1.688500 ms MarkObjects: 8.386600 ms  DeleteObjects: 0.912700 ms)

Prepare: number of updated asset objects reloaded= 0
========================================================================
Received Prepare
AcceleratorClientConnectionCallback - disconnected - :0
[Licensing::Client] Successfully resolved entitlement details
Begin MonoManager ReloadAssembly
Native extension for WindowsStandalone target not found
Native extension for WebGL target not found
[Package Manager] Failed to launch server process. Reason: Unity was launched with the -noUpm command-line argument
[Package Manager] Unable to send message (not connected to server process).
[Package Manager] Cannot connect to Unity Package Manager local server
[Package Manager] Failed to launch server process. Reason: Unity was launched with the -noUpm command-line argument
[Package Manager] Unable to send message (not connected to server process).
[Package Manager] Cannot connect to Unity Package Manager local server
ScheduleIndexationOnStartup MainProcess:False IndexOnStartup:True
Mono: successfully reloaded assembly
- Finished resetting the current domain, in  2.008 seconds
Domain Reload Profiling: 3296ms
	BeginReloadAssembly (408ms)
		DisableScriptedObjects (31ms)
		CreateAndSetChildDomain (96ms)
	RebuildCommonClasses (15ms)
	RebuildNativeTypeToScriptingClass (26ms)
	initialDomainReloadingComplete (103ms)
	LoadAllAssembliesAndSetupDomain (732ms)
		LoadAssemblies (653ms)
		AnalyzeDomain (67ms)
			TypeCache.Refresh (37ms)
			ResolveRequiredComponents (22ms)
	FinalizeReload (2010ms)
		SetupLoadedEditorAssemblies (0ms)
			InitializePlatformSupportModulesInManaged (17ms)
			BeforeProcessingInitializeOnLoad (397ms)
			ProcessInitializeOnLoadAttributes (610ms)
			ProcessInitializeOnLoadMethodAttributes (227ms)
			AfterProcessingInitializeOnLoad (12ms)
		AwakeInstancesAfterBackupRestoration (47ms)
Refreshing native plugins compatible for Editor in 2.40 ms, found 4 plugins.
Unloading 24 Unused Serialized files (Serialized files now loaded: 0)
Unloading 6635 unused Assets / (7.7 MB). Loaded Objects now: 7681.
Memory consumption went from 354.4 MB to 346.7 MB.
Total: 25.128700 ms (FindLiveObjects: 3.320200 ms CreateObjectMapping: 4.910600 ms MarkObjects: 8.834900 ms  DeleteObjects: 8.059700 ms)

Prepare: number of updated asset objects reloaded= 0
Editor requested this worker to shutdown with reason: Scaling down because of idle timeout
AcceleratorClientConnectionCallback - disconnected - :0
AssetImportWorker is now disconnected from the server
Process exiting
Exiting without the bug reporter. Application will terminate with return code 0