[2026-09-14T21:37:47.307Z][INFO] Command-line: 'C:\\Program Files\\Unity\\Hub\\Editor\\6000.5.9f1\\Editor\\Data\\Resources\\PackageManager\\Server\\UnityPackageManager.exe' server -s 21620 --ipc-path Unity-Upm-21620 -l 2 --log-file C:\\Users\\golfa\\Documents\\GitHub\\Rocket/Logs/upm.log
[2026-09-14T21:37:47.370Z][INFO] IPC server started (IPC path=Unity-Upm-21620).
[2026-09-14T21:37:47.371Z][INFO] Hint: To connect to this UPM instance, launch Unity with the command-line parameter -upmIpcPath Upm-21620.
[2026-09-14T21:37:50.051Z][INFO] project:list-packages <-- Request received
params: {}
[2026-09-14T21:37:50.291Z][INFO] project:list-packages <-- Request received
params: {}
[2026-09-14T21:37:50.302Z][INFO] config:project:get-registries <-- Request received
params: {}
[2026-09-14T21:37:50.334Z][INFO] config:project:get-registries --> 200 (32 ms)
[2026-09-14T21:37:50.429Z][INFO] project:list-packages --> 200 (379 ms)
[2026-09-14T21:37:50.602Z][INFO] project:list-packages --> 200 (311 ms)
[2026-09-14T21:37:50.723Z][INFO] project:resolve-packages <-- Request received
params: {}
[2026-09-14T21:37:52.656Z][WARN] Requested version [4.9.3] for package [com.unity.searcher] overridden by minimum version [4.9.5].
[2026-09-14T21:37:52.657Z][WARN] Requested version [1.8.14] for package [com.unity.burst] overridden by minimum version [1.8.30].
[2026-09-14T21:37:52.657Z][WARN] Requested version [3.2.0] for package [com.unity.test-framework.performance] overridden by minimum version [3.5.0].
[2026-09-14T21:37:52.658Z][INFO] project:resolve-packages --> 200 (1935 ms)
[2026-09-14T21:39:04.237Z][INFO] project:list-packages <-- Request received
params: {}
[2026-09-14T21:39:04.288Z][INFO] project:list-packages <-- Request received
params: {}
[2026-09-14T21:39:04.638Z][INFO] project:list-packages --> 200 (401 ms)
[2026-09-14T21:39:04.676Z][INFO] project:list-packages --> 200 (388 ms)
[2026-09-14T21:39:07.140Z][INFO] project:list-packages <-- Request received
params: {}
[2026-09-14T21:39:07.348Z][INFO] project:list-packages --> 200 (207 ms)
[2026-09-14T21:39:07.490Z][INFO] config:project:get-registries <-- Request received
params: {}
[2026-09-14T21:39:07.497Z][INFO] config:project:get-registries --> 200 (7 ms)
[2026-09-14T21:39:11.180Z][INFO] project:list-packages <-- Request received
params: {}
[2026-09-14T21:39:11.370Z][INFO] project:list-packages --> 200 (190 ms)
[2026-09-14T21:39:13.693Z][INFO] project:list-packages <-- Request received
params: {}
[2026-09-14T21:39:13.868Z][INFO] project:list-packages --> 200 (175 ms)
[2026-09-14T21:39:15.891Z][INFO] project:list-packages <-- Request received
params: {}
[2026-09-14T21:39:17.774Z][INFO] project:list-packages --> 200 (1883 ms)
